{
    "-profile test_taxid": {
        "content": [
            171,
            {
                "BLAST_BLASTN": {
                    "blast": "2.16.0+"
                },
                "BLAST_BLASTN_PATHOGEN": {
                    "blast": "2.16.0+"
                },
                "BOWTIE2_ALIGN": {
                    "bowtie2": "2.5.2",
                    "samtools": 1.18,
                    "pigz": 2.6
                },
                "BOWTIE2_BUILD_PATHOGEN": {
                    "bowtie2": "2.5.2"
                },
                "DIAMOND_BLASTX": {
                    "diamond": "2.1.12"
                },
                "DIAMOND_BLASTX_PATHOGEN": {
                    "diamond": "2.1.12"
                },
                "EXTRACTCDIAMONDREADS": {
                    "seqkit": "2.9.0",
                    "python": "3.13.1",
                    "pigz": 2.8
                },
                "EXTRACTCENTRIFUGEREADS": {
                    "seqkit": "2.9.0",
                    "pigz": 2.8
                },
                "FASTQC": {
                    "fastqc": "0.12.1"
                },
                "FILTER_BLASTN": {
                    "python": "3.12.3"
                },
                "FILTER_BLASTN_PATHOGEN": {
                    "python": "3.12.3"
                },
                "FILTER_BLASTX": {
                    "python": "3.12.3"
                },
                "FILTER_BLASTX_PATHOGEN": {
                    "python": "3.12.3"
                },
                "KRAKENTOOLS_EXTRACTKRAKENREADS": {
                    "extract_kraken_reads.py": 1.2
                },
                "MEDAKA": {
                    "medaka": "2.0.1"
                },
                "MINIMAP2_ALIGN": {
                    "minimap2": "2.28-r1209",
                    "samtools": 1.2
                },
                "MINIMAP2_INDEX": {
                    "minimap2": "2.28-r1209"
                },
                "PIGZ_COMPRESS": {
                    "pigz": 2.8
                },
                "SAMTOOLS_FASTA": {
                    "samtools": 1.21
                },
                "SAMTOOLS_FLAGSTAT": {
                    "samtools": 1.21
                },
                "SAMTOOLS_IDXSTATS": {
                    "samtools": 1.21
                },
                "SAMTOOLS_INDEX": {
                    "samtools": 1.21
                },
                "SAMTOOLS_SORT": {
                    "samtools": 1.21
                },
                "SAMTOOLS_SORT_FAIL": {
                    "samtools": 1.21
                },
                "SAMTOOLS_SORT_PASS": {
                    "samtools": 1.21
                },
                "SAMTOOLS_STATS": {
                    "samtools": 1.21
                },
                "SEQKIT_FQ2FA": {
                    "seqkit": "2.9.0"
                },
                "SHORTREAD_SAMTOOLS_CONSENSUS": {
                    "samtools": 1.21
                },
                "SPADES": {
                    "spades": "4.0.0"
                },
                "SUBSET_BAM_FAIL": {
                    "samtools": 1.21
                },
                "SUBSET_BAM_PASS": {
                    "samtools": 1.21
                },
                "UNTAR_BLASTN": {
                    "untar": 1.34
                },
                "Workflow": {
                    "genomic-medicine-sweden/metaval": "v1.0dev"
                }
            },
            [
                "blast",
                "blast/blastn",
                "blast/blastn/centrifuge",
                "blast/blastn/centrifuge/SRR13439790_878220_blast.txt",
                "blast/blastn/centrifuge/SRR13439790_878220_blast_filtered.txt",
                "blast/blastn/centrifuge/SRR13439790_878220_blast_filtered_summary.txt",
                "blast/blastn/centrifuge/SRR13439799_211044_blast.txt",
                "blast/blastn/centrifuge/SRR13439799_211044_blast_filtered.txt",
                "blast/blastn/centrifuge/SRR13439799_211044_blast_filtered_summary.txt",
                "blast/blastn/centrifuge/SRR13439802_878220_blast.txt",
                "blast/blastn/centrifuge/SRR13439802_878220_blast_filtered.txt",
                "blast/blastn/centrifuge/SRR13439802_878220_blast_filtered_summary.txt",
                "blast/blastn/centrifuge/SRR13439813_878220_blast.txt",
                "blast/blastn/centrifuge/SRR13439813_878220_blast_filtered.txt",
                "blast/blastn/centrifuge/SRR13439813_878220_blast_filtered_summary.txt",
                "blast/blastn/diamond",
                "blast/blastn/diamond/SRR13439790_1920753_blast.txt",
                "blast/blastn/diamond/SRR13439813_1920753_blast.txt",
                "blast/blastn/diamond/SRR13439813_1920753_blast_filtered.txt",
                "blast/blastn/diamond/SRR13439813_1920753_blast_filtered_summary.txt",
                "blast/blastn/diamond/SRR13439813_878220_blast.txt",
                "blast/blastn/diamond/SRR13439813_878220_blast_filtered.txt",
                "blast/blastn/diamond/SRR13439813_878220_blast_filtered_summary.txt",
                "blast/blastn/kraken2",
                "blast/blastn/kraken2/SRR13439790_1920753_blast.txt",
                "blast/blastn/kraken2/SRR13439790_1920753_blast_filtered.txt",
                "blast/blastn/kraken2/SRR13439790_1920753_blast_filtered_summary.txt",
                "blast/blastn/kraken2/SRR13439799_211044_blast.txt",
                "blast/blastn/kraken2/SRR13439799_211044_blast_filtered.txt",
                "blast/blastn/kraken2/SRR13439799_211044_blast_filtered_summary.txt",
                "blast/blastn/kraken2/SRR13439813_1920753_blast.txt",
                "blast/blastn/kraken2/SRR13439813_1920753_blast_filtered.txt",
                "blast/blastn/kraken2/SRR13439813_1920753_blast_filtered_summary.txt",
                "blast/blastn/kraken2/SRR13439813_878220_blast.txt",
                "blast/blastn/kraken2/SRR13439813_878220_blast_filtered.txt",
                "blast/blastn/kraken2/SRR13439813_878220_blast_filtered_summary.txt",
                "blast/blastx",
                "blast/blastx/centrifuge",
                "blast/blastx/centrifuge/SRR13439790_878220_blastx.txt",
                "blast/blastx/centrifuge/SRR13439799_211044_blastx.txt",
                "blast/blastx/centrifuge/SRR13439799_211044_blastx_filtered.txt",
                "blast/blastx/centrifuge/SRR13439799_211044_blastx_filtered_summary.txt",
                "blast/blastx/centrifuge/SRR13439802_878220_blastx.txt",
                "blast/blastx/centrifuge/SRR13439802_878220_blastx_filtered.txt",
                "blast/blastx/centrifuge/SRR13439802_878220_blastx_filtered_summary.txt",
                "blast/blastx/centrifuge/SRR13439813_878220_blastx.txt",
                "blast/blastx/centrifuge/SRR13439813_878220_blastx_filtered.txt",
                "blast/blastx/centrifuge/SRR13439813_878220_blastx_filtered_summary.txt",
                "blast/blastx/diamond",
                "blast/blastx/diamond/SRR13439790_1920753_blastx.txt",
                "blast/blastx/diamond/SRR13439790_1920753_blastx_filtered.txt",
                "blast/blastx/diamond/SRR13439790_1920753_blastx_filtered_summary.txt",
                "blast/blastx/diamond/SRR13439813_1920753_blastx.txt",
                "blast/blastx/diamond/SRR13439813_1920753_blastx_filtered.txt",
                "blast/blastx/diamond/SRR13439813_1920753_blastx_filtered_summary.txt",
                "blast/blastx/diamond/SRR13439813_878220_blastx.txt",
                "blast/blastx/diamond/SRR13439813_878220_blastx_filtered.txt",
                "blast/blastx/diamond/SRR13439813_878220_blastx_filtered_summary.txt",
                "blast/blastx/kraken2",
                "blast/blastx/kraken2/SRR13439790_1920753_blastx.txt",
                "blast/blastx/kraken2/SRR13439790_1920753_blastx_filtered.txt",
                "blast/blastx/kraken2/SRR13439790_1920753_blastx_filtered_summary.txt",
                "blast/blastx/kraken2/SRR13439799_211044_blastx.txt",
                "blast/blastx/kraken2/SRR13439799_211044_blastx_filtered.txt",
                "blast/blastx/kraken2/SRR13439799_211044_blastx_filtered_summary.txt",
                "blast/blastx/kraken2/SRR13439813_1920753_blastx.txt",
                "blast/blastx/kraken2/SRR13439813_1920753_blastx_filtered.txt",
                "blast/blastx/kraken2/SRR13439813_1920753_blastx_filtered_summary.txt",
                "blast/blastx/kraken2/SRR13439813_878220_blastx.txt",
                "blast/blastx/kraken2/SRR13439813_878220_blastx_filtered.txt",
                "blast/blastx/kraken2/SRR13439813_878220_blastx_filtered_summary.txt",
                "extracted_reads",
                "extracted_reads/centrifuge",
                "extracted_reads/centrifuge/SRR13439790_878220.extracted_centrifuge_read1.fastq.gz",
                "extracted_reads/centrifuge/SRR13439790_878220.extracted_centrifuge_read2.fastq.gz",
                "extracted_reads/centrifuge/SRR13439799_211044.extracted_centrifuge_read.fastq.gz",
                "extracted_reads/centrifuge/SRR13439802_878220.extracted_centrifuge_read1.fastq.gz",
                "extracted_reads/centrifuge/SRR13439802_878220.extracted_centrifuge_read2.fastq.gz",
                "extracted_reads/centrifuge/SRR13439813_878220.extracted_centrifuge_read1.fastq.gz",
                "extracted_reads/centrifuge/SRR13439813_878220.extracted_centrifuge_read2.fastq.gz",
                "extracted_reads/diamond",
                "extracted_reads/diamond/SRR13439790_1920753.extracted_diamond_read1.fastq.gz",
                "extracted_reads/diamond/SRR13439790_1920753.extracted_diamond_read2.fastq.gz",
                "extracted_reads/diamond/SRR13439813_1920753.extracted_diamond_read1.fastq.gz",
                "extracted_reads/diamond/SRR13439813_1920753.extracted_diamond_read2.fastq.gz",
                "extracted_reads/diamond/SRR13439813_878220.extracted_diamond_read1.fastq.gz",
                "extracted_reads/diamond/SRR13439813_878220.extracted_diamond_read2.fastq.gz",
                "extracted_reads/kraken2",
                "extracted_reads/kraken2/SRR13439790_1920753.extracted_kraken2_read_1.fastq.gz",
                "extracted_reads/kraken2/SRR13439790_1920753.extracted_kraken2_read_2.fastq.gz",
                "extracted_reads/kraken2/SRR13439799_211044.extracted_kraken2_read.fastq.gz",
                "extracted_reads/kraken2/SRR13439813_1920753.extracted_kraken2_read_1.fastq.gz",
                "extracted_reads/kraken2/SRR13439813_1920753.extracted_kraken2_read_2.fastq.gz",
                "extracted_reads/kraken2/SRR13439813_878220.extracted_kraken2_read_1.fastq.gz",
                "extracted_reads/kraken2/SRR13439813_878220.extracted_kraken2_read_2.fastq.gz",
                "fastqc",
                "fastqc/input",
                "fastqc/input/SRR13439790_1920753_diamond_1_fastqc.html",
                "fastqc/input/SRR13439790_1920753_diamond_2_fastqc.html",
                "fastqc/input/SRR13439790_1920753_kraken2_1_fastqc.html",
                "fastqc/input/SRR13439790_1920753_kraken2_2_fastqc.html",
                "fastqc/input/SRR13439790_878220_centrifuge_1_fastqc.html",
                "fastqc/input/SRR13439790_878220_centrifuge_2_fastqc.html",
                "fastqc/input/SRR13439799_211044_centrifuge_fastqc.html",
                "fastqc/input/SRR13439799_211044_kraken2_fastqc.html",
                "fastqc/input/SRR13439802_878220_centrifuge_1_fastqc.html",
                "fastqc/input/SRR13439802_878220_centrifuge_2_fastqc.html",
                "fastqc/input/SRR13439813_1920753_diamond_1_fastqc.html",
                "fastqc/input/SRR13439813_1920753_diamond_2_fastqc.html",
                "fastqc/input/SRR13439813_1920753_kraken2_1_fastqc.html",
                "fastqc/input/SRR13439813_1920753_kraken2_2_fastqc.html",
                "fastqc/input/SRR13439813_878220_centrifuge_1_fastqc.html",
                "fastqc/input/SRR13439813_878220_centrifuge_2_fastqc.html",
                "fastqc/input/SRR13439813_878220_diamond_1_fastqc.html",
                "fastqc/input/SRR13439813_878220_diamond_2_fastqc.html",
                "fastqc/input/SRR13439813_878220_kraken2_1_fastqc.html",
                "fastqc/input/SRR13439813_878220_kraken2_2_fastqc.html",
                "multiqc",
                "multiqc/multiqc_data",
                "multiqc/multiqc_data/fastqc-status-check-heatmap.txt",
                "multiqc/multiqc_data/fastqc_overrepresented_sequences_plot.txt",
                "multiqc/multiqc_data/fastqc_per_base_n_content_plot.txt",
                "multiqc/multiqc_data/fastqc_per_base_sequence_quality_plot.txt",
                "multiqc/multiqc_data/fastqc_per_sequence_gc_content_plot_Counts.txt",
                "multiqc/multiqc_data/fastqc_per_sequence_gc_content_plot_Percentages.txt",
                "multiqc/multiqc_data/fastqc_per_sequence_quality_scores_plot.txt",
                "multiqc/multiqc_data/fastqc_sequence_counts_plot.txt",
                "multiqc/multiqc_data/fastqc_sequence_duplication_levels_plot.txt",
                "multiqc/multiqc_data/fastqc_sequence_length_distribution_plot.txt",
                "multiqc/multiqc_data/fastqc_top_overrepresented_sequences_table.txt",
                "multiqc/multiqc_data/multiqc.log",
                "multiqc/multiqc_data/multiqc_citations.txt",
                "multiqc/multiqc_data/multiqc_data.json",
                "multiqc/multiqc_data/multiqc_fastqc.txt",
                "multiqc/multiqc_data/multiqc_general_stats.txt",
                "multiqc/multiqc_data/multiqc_samtools_flagstat.txt",
                "multiqc/multiqc_data/multiqc_samtools_idxstats.txt",
                "multiqc/multiqc_data/multiqc_samtools_stats.txt",
                "multiqc/multiqc_data/multiqc_software_versions.txt",
                "multiqc/multiqc_data/multiqc_sources.txt",
                "multiqc/multiqc_data/samtools-flagstat-dp_Percentage_of_total.txt",
                "multiqc/multiqc_data/samtools-flagstat-dp_Read_counts.txt",
                "multiqc/multiqc_data/samtools-idxstats-mapped-reads-plot_Normalised_Counts.txt",
                "multiqc/multiqc_data/samtools-idxstats-mapped-reads-plot_Observed_over_Expected_Counts.txt",
                "multiqc/multiqc_data/samtools-idxstats-mapped-reads-plot_Raw_Counts.txt",
                "multiqc/multiqc_data/samtools-stats-dp.txt",
                "multiqc/multiqc_data/samtools_alignment_plot.txt",
                "multiqc/multiqc_plots",
                "multiqc/multiqc_plots/pdf",
                "multiqc/multiqc_plots/png",
                "multiqc/multiqc_plots/svg",
                "multiqc/multiqc_report.html",
                "pathogens",
                "pathogens/blast",
                "pathogens/blast/blastn",
                "pathogens/blast/blastn/SRR13439790_9606_blast.txt",
                "pathogens/blast/blastn/SRR13439790_9606_blast_filtered.txt",
                "pathogens/blast/blastn/SRR13439790_9606_blast_filtered_summary.txt",
                "pathogens/blast/blastn/SRR13439799_211044_blast.txt",
                "pathogens/blast/blastn/SRR13439799_211044_blast_filtered.txt",
                "pathogens/blast/blastn/SRR13439799_211044_blast_filtered_summary.txt",
                "pathogens/blast/blastn/SRR13439802_9606_blast.txt",
                "pathogens/blast/blastn/SRR13439813_9606_blast.txt",
                "pathogens/blast/blastx",
                "pathogens/blast/blastx/SRR13439790_9606_blastx.txt",
                "pathogens/blast/blastx/SRR13439799_211044_blastx.txt",
                "pathogens/blast/blastx/SRR13439799_211044_blastx_filtered.txt",
                "pathogens/blast/blastx/SRR13439799_211044_blastx_filtered_summary.txt",
                "pathogens/blast/blastx/SRR13439802_9606_blastx.txt",
                "pathogens/blast/blastx/SRR13439813_9606_blastx.txt",
                "pathogens/bowtie2",
                "pathogens/bowtie2/align",
                "pathogens/bowtie2/align/SRR13439790_aligned_pathogens_genome_sorted.bam",
                "pathogens/bowtie2/align/SRR13439790_aligned_pathogens_genome_sorted.bam.bai",
                "pathogens/bowtie2/align/SRR13439802_aligned_pathogens_genome_sorted.bam",
                "pathogens/bowtie2/align/SRR13439802_aligned_pathogens_genome_sorted.bam.bai",
                "pathogens/bowtie2/align/SRR13439813_aligned_pathogens_genome_sorted.bam",
                "pathogens/bowtie2/align/SRR13439813_aligned_pathogens_genome_sorted.bam.bai",
                "pathogens/bowtie2/build",
                "pathogens/bowtie2/build/bowtie2",
                "pathogens/bowtie2/build/bowtie2/reference.1.bt2l",
                "pathogens/bowtie2/build/bowtie2/reference.2.bt2l",
                "pathogens/bowtie2/build/bowtie2/reference.3.bt2l",
                "pathogens/bowtie2/build/bowtie2/reference.4.bt2l",
                "pathogens/bowtie2/build/bowtie2/reference.rev.1.bt2l",
                "pathogens/bowtie2/build/bowtie2/reference.rev.2.bt2l",
                "pathogens/consensus",
                "pathogens/consensus/SRR13439790_9606_samtools.fasta.gz",
                "pathogens/consensus/SRR13439799_211044_medaka.fa.gz",
                "pathogens/consensus/SRR13439802_9606_samtools.fasta.gz",
                "pathogens/consensus/SRR13439813_9606_samtools.fasta.gz",
                "pathogens/minimap2",
                "pathogens/minimap2/align",
                "pathogens/minimap2/align/SRR13439799_aligned_pathogens_genome_sorted.bam",
                "pathogens/minimap2/align/SRR13439799_aligned_pathogens_genome_sorted.bam.bai",
                "pathogens/minimap2/index",
                "pathogens/minimap2/index/reference.mmi",
                "pathogens/pathogen_reads",
                "pathogens/pathogen_reads/blast_input",
                "pathogens/pathogen_reads/blast_input/SRR13439799_488241_1.fasta.gz",
                "pathogens/pathogen_reads/blast_input/SRR13439799_9606_1.fasta.gz",
                "pathogens/pathogen_reads/consensus_input",
                "pathogens/pathogen_reads/consensus_input/SRR13439790_9606_sorted.bam",
                "pathogens/pathogen_reads/consensus_input/SRR13439790_9606_sorted.bam.bai",
                "pathogens/pathogen_reads/consensus_input/SRR13439799_211044_sorted.bam",
                "pathogens/pathogen_reads/consensus_input/SRR13439799_211044_sorted.bam.bai",
                "pathogens/pathogen_reads/consensus_input/SRR13439802_9606_sorted.bam",
                "pathogens/pathogen_reads/consensus_input/SRR13439802_9606_sorted.bam.bai",
                "pathogens/pathogen_reads/consensus_input/SRR13439813_9606_sorted.bam",
                "pathogens/pathogen_reads/consensus_input/SRR13439813_9606_sorted.bam.bai",
                "pipeline_info",
                "pipeline_info/genomic-medicine-sweden_metaval_software_mqc_versions.yml",
                "spades",
                "spades/centrifuge",
                "spades/centrifuge/SRR13439813_878220.contigs.fa.gz",
                "spades/centrifuge/SRR13439813_878220.scaffolds.fa.gz",
                "spades/centrifuge/SRR13439813_878220.spades.log",
                "spades/diamond",
                "spades/diamond/SRR13439813_878220.contigs.fa.gz",
                "spades/diamond/SRR13439813_878220.scaffolds.fa.gz",
                "spades/diamond/SRR13439813_878220.spades.log",
                "spades/diamond/SRR13439813_878220.warnings.log",
                "spades/kraken2",
                "spades/kraken2/SRR13439813_1920753.contigs.fa.gz",
                "spades/kraken2/SRR13439813_1920753.scaffolds.fa.gz",
                "spades/kraken2/SRR13439813_1920753.spades.log",
                "spades/kraken2/SRR13439813_1920753.warnings.log",
                "spades/kraken2/SRR13439813_878220.contigs.fa.gz",
                "spades/kraken2/SRR13439813_878220.scaffolds.fa.gz",
                "spades/kraken2/SRR13439813_878220.spades.log",
                "spades/kraken2/SRR13439813_878220.warnings.log"
            ],
            [
                "SRR13439790_878220_blast.txt:md5,7e75097b90258290f7980e804ec3f237",
                "SRR13439790_878220_blast_filtered.txt:md5,2d30a256f143e7c5bd6fc7f8705623c0",
                "SRR13439790_878220_blast_filtered_summary.txt:md5,3b2170f965aa625fafb90361755294ce",
                "SRR13439799_211044_blast.txt:md5,21f3b46f312e06d26b1302adc84d822d",
                "SRR13439799_211044_blast_filtered.txt:md5,8d7fb93bdae25d19145765233b7b2f43",
                "SRR13439799_211044_blast_filtered_summary.txt:md5,7a5e4aba14dd6c4a3d78f4f8cbb13365",
                "SRR13439802_878220_blast.txt:md5,96b0f7e1aae60fc01031f567d9498eb2",
                "SRR13439802_878220_blast_filtered.txt:md5,310560255789367f701da7e63aca4bb6",
                "SRR13439802_878220_blast_filtered_summary.txt:md5,816d048fe1970525ebf05f15efb14130",
                "SRR13439813_878220_blast.txt:md5,1ff26c9d552b9bdf13b81892952a8edf",
                "SRR13439813_878220_blast_filtered.txt:md5,5fac2d6e7214ab9caef29c5c5c836d24",
                "SRR13439813_878220_blast_filtered_summary.txt:md5,f8b14653aeb30852125c1a3bc999bc46",
                "SRR13439790_1920753_blast.txt:md5,d41d8cd98f00b204e9800998ecf8427e",
                "SRR13439813_1920753_blast.txt:md5,cdf868b3f5bf5163bf55f7ed2b350252",
                "SRR13439813_1920753_blast_filtered.txt:md5,eb76a7fea421d1b05f64dc8b0e4d0e85",
                "SRR13439813_1920753_blast_filtered_summary.txt:md5,88af395aec444769fe4551fc307504bd",
                "SRR13439813_878220_blast.txt:md5,fa4ce9b0103fd31bb24ed9e14c64facb",
                "SRR13439813_878220_blast_filtered.txt:md5,95a3676975f1239550460e70f1633e41",
                "SRR13439813_878220_blast_filtered_summary.txt:md5,d1d3cba3c1c29165b7606e696de80cf2",
                "SRR13439790_1920753_blast.txt:md5,952ab16d007c132721dcefa784401b37",
                "SRR13439790_1920753_blast_filtered.txt:md5,fb4156b06e22d1c834546b5b3085caad",
                "SRR13439790_1920753_blast_filtered_summary.txt:md5,c4406505b020f767ef838c02c6960419",
                "SRR13439799_211044_blast.txt:md5,21f3b46f312e06d26b1302adc84d822d",
                "SRR13439799_211044_blast_filtered.txt:md5,8d7fb93bdae25d19145765233b7b2f43",
                "SRR13439799_211044_blast_filtered_summary.txt:md5,7a5e4aba14dd6c4a3d78f4f8cbb13365",
                "SRR13439813_1920753_blast.txt:md5,6f49cf2852fd73001909cb3dd73ce3fc",
                "SRR13439813_1920753_blast_filtered.txt:md5,53d5b55e6e4e77834b3016a6c50e90f4",
                "SRR13439813_1920753_blast_filtered_summary.txt:md5,ffc3504db0ff0f10d5aa38cf5e12a8a6",
                "SRR13439813_878220_blast.txt:md5,83dcb0511520342fe771f624ef1a383e",
                "SRR13439813_878220_blast_filtered.txt:md5,adf2f86eb73a5f5b79c204c4392851aa",
                "SRR13439813_878220_blast_filtered_summary.txt:md5,91ce9b240c2ac35b9a011eb7c52cb985",
                "SRR13439790_878220_blastx.txt:md5,d41d8cd98f00b204e9800998ecf8427e",
                "SRR13439799_211044_blastx.txt:md5,acbbf4d89a2f8c018ddf3c2629943eb1",
                "SRR13439799_211044_blastx_filtered.txt:md5,8a4eba73f2e9a138fe9ed1ed69854465",
                "SRR13439799_211044_blastx_filtered_summary.txt:md5,5f3dca7bd4b1ac8e2834da658f3c8d84",
                "SRR13439802_878220_blastx.txt:md5,0d40a9bb05c388017f569fc5fe4a2220",
                "SRR13439802_878220_blastx_filtered.txt:md5,8a4eba73f2e9a138fe9ed1ed69854465",
                "SRR13439802_878220_blastx_filtered_summary.txt:md5,5f3dca7bd4b1ac8e2834da658f3c8d84",
                "SRR13439813_878220_blastx.txt:md5,0f4bf0e695c6b1860e84a882b8b404b8",
                "SRR13439813_878220_blastx_filtered.txt:md5,8a4eba73f2e9a138fe9ed1ed69854465",
                "SRR13439813_878220_blastx_filtered_summary.txt:md5,5f3dca7bd4b1ac8e2834da658f3c8d84",
                "SRR13439790_1920753_blastx.txt:md5,1a212348b7efaf2a8f18e49b2e07c47a",
                "SRR13439790_1920753_blastx_filtered.txt:md5,8a4eba73f2e9a138fe9ed1ed69854465",
                "SRR13439790_1920753_blastx_filtered_summary.txt:md5,5f3dca7bd4b1ac8e2834da658f3c8d84",
                "SRR13439813_1920753_blastx.txt:md5,dd120032fc44b4d854d93ba70f67918e",
                "SRR13439813_1920753_blastx_filtered.txt:md5,8a4eba73f2e9a138fe9ed1ed69854465",
                "SRR13439813_1920753_blastx_filtered_summary.txt:md5,5f3dca7bd4b1ac8e2834da658f3c8d84",
                "SRR13439813_878220_blastx.txt:md5,2a0adc69329b98315629a2c2ffe42091",
                "SRR13439813_878220_blastx_filtered.txt:md5,8a4eba73f2e9a138fe9ed1ed69854465",
                "SRR13439813_878220_blastx_filtered_summary.txt:md5,5f3dca7bd4b1ac8e2834da658f3c8d84",
                "SRR13439790_1920753_blastx.txt:md5,0116ba26bf4b5d4d5e9112faa495bffa",
                "SRR13439790_1920753_blastx_filtered.txt:md5,8a4eba73f2e9a138fe9ed1ed69854465",
                "SRR13439790_1920753_blastx_filtered_summary.txt:md5,5f3dca7bd4b1ac8e2834da658f3c8d84",
                "SRR13439799_211044_blastx.txt:md5,6a2e79199dfd16a9cc523ca24c6fcd43",
                "SRR13439799_211044_blastx_filtered.txt:md5,8a4eba73f2e9a138fe9ed1ed69854465",
                "SRR13439799_211044_blastx_filtered_summary.txt:md5,5f3dca7bd4b1ac8e2834da658f3c8d84",
                "SRR13439813_1920753_blastx.txt:md5,1b806d92a4859a349cf912956f20e712",
                "SRR13439813_1920753_blastx_filtered.txt:md5,8a4eba73f2e9a138fe9ed1ed69854465",
                "SRR13439813_1920753_blastx_filtered_summary.txt:md5,5f3dca7bd4b1ac8e2834da658f3c8d84",
                "SRR13439813_878220_blastx.txt:md5,6e9c2ca19c60e7f3ea291de1e6bef123",
                "SRR13439813_878220_blastx_filtered.txt:md5,8a4eba73f2e9a138fe9ed1ed69854465",
                "SRR13439813_878220_blastx_filtered_summary.txt:md5,5f3dca7bd4b1ac8e2834da658f3c8d84",
                "SRR13439790_878220.extracted_centrifuge_read1.fastq.gz:md5,55048880a6f5cfeb378bf12c59b7a566",
                "SRR13439790_878220.extracted_centrifuge_read2.fastq.gz:md5,9067cb32c6caa61542e7ca768c980baf",
                "SRR13439799_211044.extracted_centrifuge_read.fastq.gz:md5,2f2f1ae7c5e38d7bf9ab61a012de73dc",
                "SRR13439802_878220.extracted_centrifuge_read1.fastq.gz:md5,2d144707543641a65b837833ce56bcf8",
                "SRR13439802_878220.extracted_centrifuge_read2.fastq.gz:md5,f37dd9e239363bde4da1d1b87152576b",
                "SRR13439813_878220.extracted_centrifuge_read1.fastq.gz:md5,8be9b97e9318c412721622d6e7edbd26",
                "SRR13439813_878220.extracted_centrifuge_read2.fastq.gz:md5,8637b4da2201b2f9663b7743f76f1d33",
                "SRR13439790_1920753.extracted_diamond_read1.fastq.gz:md5,e95b97d8eede5baeb171b4206be03546",
                "SRR13439790_1920753.extracted_diamond_read2.fastq.gz:md5,870f59cfcd120531e19f4c2a2eff4ac4",
                "SRR13439813_1920753.extracted_diamond_read1.fastq.gz:md5,3fb62061a274a9d3aef1f1e7980f3739",
                "SRR13439813_1920753.extracted_diamond_read2.fastq.gz:md5,46af0b27d7f8e8d92e526e52113b692d",
                "SRR13439813_878220.extracted_diamond_read1.fastq.gz:md5,19c53b1fe36e47d4ac45951d1ab495d2",
                "SRR13439813_878220.extracted_diamond_read2.fastq.gz:md5,a9cf4fad516cf5826610df67c01d5c1a",
                "SRR13439790_1920753.extracted_kraken2_read_1.fastq.gz:md5,095abee50cbce452cd54a25b002b2e12",
                "SRR13439790_1920753.extracted_kraken2_read_2.fastq.gz:md5,2de44f667ac410350099d0edd211148a",
                "SRR13439799_211044.extracted_kraken2_read.fastq.gz:md5,79ba55cce7008bb5ec2e70eb81d6886b",
                "SRR13439813_1920753.extracted_kraken2_read_1.fastq.gz:md5,a34011d921d44c602e4ee3071b8b4060",
                "SRR13439813_1920753.extracted_kraken2_read_2.fastq.gz:md5,7cc0931fd2bb295799a23086fa7f06f5",
                "SRR13439813_878220.extracted_kraken2_read_1.fastq.gz:md5,8987b4d5aaeeb084a3c9a6cdd4d6ef08",
                "SRR13439813_878220.extracted_kraken2_read_2.fastq.gz:md5,3b77bc4bf9a083d636ed7a03f5ef9cf4",
                "SRR13439790_1920753_diamond_1_fastqc.html:md5,696d729e77fad48a278bd3c91dd9b26c",
                "SRR13439790_1920753_diamond_2_fastqc.html:md5,e1466cf8f599c34e86d3d11d33c8a64e",
                "SRR13439790_1920753_kraken2_1_fastqc.html:md5,6191f376de995314efa536514902c2b6",
                "SRR13439790_1920753_kraken2_2_fastqc.html:md5,07d4071f90ef0d31c92f125857ca0394",
                "SRR13439790_878220_centrifuge_1_fastqc.html:md5,c863643a86d5f1ebc6a0415cfb7612f0",
                "SRR13439790_878220_centrifuge_2_fastqc.html:md5,0ab2ba8c4b7b64c191b2b705072e9854",
                "SRR13439799_211044_centrifuge_fastqc.html:md5,0dfe3e648abb48a6b1d4bcea6c35520b",
                "SRR13439799_211044_kraken2_fastqc.html:md5,036a5b54ed88431aa83de81246cf3201",
                "SRR13439802_878220_centrifuge_1_fastqc.html:md5,0095ca402f8b08e46800bf33e3086d14",
                "SRR13439802_878220_centrifuge_2_fastqc.html:md5,539821c51414fa1fdcdb84ce577c9ed8",
                "SRR13439813_1920753_diamond_1_fastqc.html:md5,b25b3be4422bd0576ded927c06e0a010",
                "SRR13439813_1920753_diamond_2_fastqc.html:md5,5838ce4d029ec2ad7d80c0b0992811e7",
                "SRR13439813_1920753_kraken2_1_fastqc.html:md5,4ded134e0e715314d4fc2ee0fd3f362c",
                "SRR13439813_1920753_kraken2_2_fastqc.html:md5,4d2b92e0f411bfb2d8e683f5dde899c4",
                "SRR13439813_878220_centrifuge_1_fastqc.html:md5,6dd0f85be1a23e8a591bea9f3164aa45",
                "SRR13439813_878220_centrifuge_2_fastqc.html:md5,c63fd8ac333c88495f0bc603fcfbf9da",
                "SRR13439813_878220_diamond_1_fastqc.html:md5,2d81dcf6932f8a4cf446a57d32a4e5a1",
                "SRR13439813_878220_diamond_2_fastqc.html:md5,7f77f689a617db22f398672b0cb7b31b",
                "SRR13439813_878220_kraken2_1_fastqc.html:md5,a16c0d52fbf71003f9a82f401c9cd07e",
                "SRR13439813_878220_kraken2_2_fastqc.html:md5,ae41babd455612e0887d7afa30ed2b65",
                "reference.1.bt2l:md5,678dcc98b3efeda9ba888a36135a7773",
                "reference.2.bt2l:md5,e3754ca6be1eca15778ebeea51b502ca",
                "reference.3.bt2l:md5,8090272074be0baec40849e11af2193e",
                "reference.4.bt2l:md5,f94d857fe08bf0e185a1ccc2079ba8de",
                "reference.rev.1.bt2l:md5,db16f08d0eef3a4feeb47aaec66a9bd6",
                "reference.rev.2.bt2l:md5,061d25379a3f57db6e974ba06aeed404",
                "reference.mmi:md5,32ee42d667d2423f74b759488d4bf381",
                "SRR13439799_488241_1.fasta.gz:md5,d41d8cd98f00b204e9800998ecf8427e",
                "SRR13439799_9606_1.fasta.gz:md5,d41d8cd98f00b204e9800998ecf8427e",
                "SRR13439813_878220.contigs.fa.gz:md5,be438ae6f30e387b1b4f73e3d125327c",
                "SRR13439813_878220.scaffolds.fa.gz:md5,ef22c6ad1510fc82408ebea88922f922",
                "SRR13439813_878220.contigs.fa.gz:md5,c4aca670b3c503e04779546ae4f41508",
                "SRR13439813_878220.scaffolds.fa.gz:md5,c4aca670b3c503e04779546ae4f41508",
                "SRR13439813_1920753.contigs.fa.gz:md5,3414197681ba4e04064e61b4c2e058fc",
                "SRR13439813_1920753.scaffolds.fa.gz:md5,3414197681ba4e04064e61b4c2e058fc",
                "SRR13439813_878220.contigs.fa.gz:md5,7c7f669b696e9d55ec3a020ccb02cc0d",
                "SRR13439813_878220.scaffolds.fa.gz:md5,7c7f669b696e9d55ec3a020ccb02cc0d"
            ]
        ],
        "meta": {
            "nf-test": "0.9.2",
            "nextflow": "25.04.2"
        },
        "timestamp": "2025-07-14T11:13:00.215858602"
    }
}
