{
    "-profile test": {
        "content": [
            {
                "FASTQC": {
                    "fastqc": "0.12.1"
                },
                "Workflow": {
                    "my-prefix/testpipeline": "v1.0.0dev"
                }
            },
            [
                "fastqc",
                "fastqc/SAMPLE1_PE_1_fastqc.html",
                "fastqc/SAMPLE1_PE_1_fastqc.zip",
                "fastqc/SAMPLE1_PE_2_fastqc.html",
                "fastqc/SAMPLE1_PE_2_fastqc.zip",
                "fastqc/SAMPLE2_PE_1_fastqc.html",
                "fastqc/SAMPLE2_PE_1_fastqc.zip",
                "fastqc/SAMPLE2_PE_2_fastqc.html",
                "fastqc/SAMPLE2_PE_2_fastqc.zip",
                "fastqc/SAMPLE3_SE_fastqc.html",
                "fastqc/SAMPLE3_SE_fastqc.zip",
                "fastqc/SAMPLE4_SE_fastqc.html",
                "fastqc/SAMPLE4_SE_fastqc.zip",
                "multiqc",
                "multiqc/multiqc_data",
                "multiqc/multiqc_data/fastqc-status-check-heatmap.txt",
                "multiqc/multiqc_data/fastqc_overrepresented_sequences_plot.txt",
                "multiqc/multiqc_data/fastqc_per_base_n_content_plot.txt",
                "multiqc/multiqc_data/fastqc_per_base_sequence_quality_plot.txt",
                "multiqc/multiqc_data/fastqc_per_sequence_gc_content_plot_Counts.txt",
                "multiqc/multiqc_data/fastqc_per_sequence_gc_content_plot_Percentages.txt",
                "multiqc/multiqc_data/fastqc_per_sequence_quality_scores_plot.txt",
                "multiqc/multiqc_data/fastqc_sequence_counts_plot.txt",
                "multiqc/multiqc_data/fastqc_sequence_duplication_levels_plot.txt",
                "multiqc/multiqc_data/fastqc_sequence_length_distribution_plot.txt",
                "multiqc/multiqc_data/fastqc_top_overrepresented_sequences_table.txt",
                "multiqc/multiqc_data/llms-full.txt",
                "multiqc/multiqc_data/multiqc.log",
                "multiqc/multiqc_data/multiqc.parquet",
                "multiqc/multiqc_data/multiqc_citations.txt",
                "multiqc/multiqc_data/multiqc_data.json",
                "multiqc/multiqc_data/multiqc_fastqc.txt",
                "multiqc/multiqc_data/multiqc_general_stats.txt",
                "multiqc/multiqc_data/multiqc_software_versions.txt",
                "multiqc/multiqc_data/multiqc_sources.txt",
                "multiqc/multiqc_plots",
                "multiqc/multiqc_plots/pdf",
                "multiqc/multiqc_plots/pdf/fastqc-status-check-heatmap.pdf",
                "multiqc/multiqc_plots/pdf/fastqc_overrepresented_sequences_plot.pdf",
                "multiqc/multiqc_plots/pdf/fastqc_per_base_n_content_plot.pdf",
                "multiqc/multiqc_plots/pdf/fastqc_per_base_sequence_quality_plot.pdf",
                "multiqc/multiqc_plots/pdf/fastqc_per_sequence_gc_content_plot_Counts.pdf",
                "multiqc/multiqc_plots/pdf/fastqc_per_sequence_gc_content_plot_Percentages.pdf",
                "multiqc/multiqc_plots/pdf/fastqc_per_sequence_quality_scores_plot.pdf",
                "multiqc/multiqc_plots/pdf/fastqc_sequence_counts_plot-cnt.pdf",
                "multiqc/multiqc_plots/pdf/fastqc_sequence_counts_plot-pct.pdf",
                "multiqc/multiqc_plots/pdf/fastqc_sequence_duplication_levels_plot.pdf",
                "multiqc/multiqc_plots/pdf/fastqc_sequence_length_distribution_plot.pdf",
                "multiqc/multiqc_plots/pdf/fastqc_top_overrepresented_sequences_table.pdf",
                "multiqc/multiqc_plots/png",
                "multiqc/multiqc_plots/png/fastqc-status-check-heatmap.png",
                "multiqc/multiqc_plots/png/fastqc_overrepresented_sequences_plot.png",
                "multiqc/multiqc_plots/png/fastqc_per_base_n_content_plot.png",
                "multiqc/multiqc_plots/png/fastqc_per_base_sequence_quality_plot.png",
                "multiqc/multiqc_plots/png/fastqc_per_sequence_gc_content_plot_Counts.png",
                "multiqc/multiqc_plots/png/fastqc_per_sequence_gc_content_plot_Percentages.png",
                "multiqc/multiqc_plots/png/fastqc_per_sequence_quality_scores_plot.png",
                "multiqc/multiqc_plots/png/fastqc_sequence_counts_plot-cnt.png",
                "multiqc/multiqc_plots/png/fastqc_sequence_counts_plot-pct.png",
                "multiqc/multiqc_plots/png/fastqc_sequence_duplication_levels_plot.png",
                "multiqc/multiqc_plots/png/fastqc_sequence_length_distribution_plot.png",
                "multiqc/multiqc_plots/png/fastqc_top_overrepresented_sequences_table.png",
                "multiqc/multiqc_plots/svg",
                "multiqc/multiqc_plots/svg/fastqc-status-check-heatmap.svg",
                "multiqc/multiqc_plots/svg/fastqc_overrepresented_sequences_plot.svg",
                "multiqc/multiqc_plots/svg/fastqc_per_base_n_content_plot.svg",
                "multiqc/multiqc_plots/svg/fastqc_per_base_sequence_quality_plot.svg",
                "multiqc/multiqc_plots/svg/fastqc_per_sequence_gc_content_plot_Counts.svg",
                "multiqc/multiqc_plots/svg/fastqc_per_sequence_gc_content_plot_Percentages.svg",
                "multiqc/multiqc_plots/svg/fastqc_per_sequence_quality_scores_plot.svg",
                "multiqc/multiqc_plots/svg/fastqc_sequence_counts_plot-cnt.svg",
                "multiqc/multiqc_plots/svg/fastqc_sequence_counts_plot-pct.svg",
                "multiqc/multiqc_plots/svg/fastqc_sequence_duplication_levels_plot.svg",
                "multiqc/multiqc_plots/svg/fastqc_sequence_length_distribution_plot.svg",
                "multiqc/multiqc_plots/svg/fastqc_top_overrepresented_sequences_table.svg",
                "multiqc/multiqc_report.html",
                "pipeline_info",
                "pipeline_info/testpipeline_software_mqc_versions.yml"
            ],
            [
                "fastqc-status-check-heatmap.txt:md5,29885e7e160d062e70f5d2400828b549",
                "fastqc_overrepresented_sequences_plot.txt:md5,0e7fae41d6973e56a1ece46674b0e648",
                "fastqc_per_base_n_content_plot.txt:md5,759ed7be75e42324783663f161513562",
                "fastqc_per_base_sequence_quality_plot.txt:md5,f13b35afe24fccf7155135445d0ed24e",
                "fastqc_per_sequence_gc_content_plot_Counts.txt:md5,151a84c487819cbbc6e2817b1f2f27c6",
                "fastqc_per_sequence_gc_content_plot_Percentages.txt:md5,c8a270fbe02c880da1f9a8584f66b6f6",
                "fastqc_per_sequence_quality_scores_plot.txt:md5,77dbb3af2dd4d34b77e16ff01f4f2383",
                "fastqc_sequence_counts_plot.txt:md5,5e5bfeda48d25784a8c731955d6a42d4",
                "fastqc_sequence_duplication_levels_plot.txt:md5,3ffab97ef017697be9d3c63f620d29b6",
                "fastqc_sequence_length_distribution_plot.txt:md5,91eb5b70a5899277d98f2d87f765aefe",
                "multiqc_citations.txt:md5,4c806e63a283ec1b7e78cdae3a923d4f",
                "multiqc_fastqc.txt:md5,755c3f50854e823b351ba44588f3af00",
                "multiqc_general_stats.txt:md5,679de03cdb03fdad6cddc9c0cc7fe509"
            ]
        ],
        "meta": {
            "nf-test": "0.9.3",
            "nextflow": "25.03.1"
        },
        "timestamp": "2025-05-07T13:52:19.694086325"
    }
}
